******************************************************************************
             TMS320C2000 Linker PC v5.2.1                      
******************************************************************************
>> Linked Thu Apr 14 10:57:00 2016

OUTPUT FILE NAME:   <./Debug/PMSM_Control.out>
ENTRY POINT SYMBOL: "_c_int00"  address: 003f1974


MEMORY CONFIGURATION

         name            origin    length      used     unused   attr    fill
----------------------  --------  ---------  --------  --------  ----  --------
PAGE 0:
  ZONE0                 00002000   00002000  00000000  00002000  RWIX
  ZONE1                 00004000   00002000  00000000  00002000  RWIX
  RAML0                 00008000   00001000  0000001b  00000fe5  RWIX
  ZONE2                 00080000   00080000  00000000  00080000  RWIX
  ZONE6                 00100000   00080000  00000000  00080000  RWIX
  OTP                   003d7800   00000800  00000000  00000800  RWIX
  FLASHJ                003d8000   00002000  00000000  00002000  RWIX
  FLASHI                003da000   00002000  00000000  00002000  RWIX
  FLASHH                003dc000   00004000  00000000  00004000  RWIX
  FLASHG                003e0000   00004000  00000000  00004000  RWIX
  FLASHF                003e4000   00004000  00000000  00004000  RWIX
  FLASHE                003e8000   00004000  00000000  00004000  RWIX
  FLASHD                003ec000   00004000  00000000  00004000  RWIX
  FLASHC                003f0000   00004000  00001c76  0000238a  RWIX
  FLASHA                003f6000   00001f80  0000052a  00001a56  RWIX
  CSM_RSVD              003f7f80   00000076  00000000  00000076  RWIX
  BEGIN                 003f7ff6   00000002  00000002  00000000  RWIX
  CSM_PWL               003f7ff8   00000008  00000000  00000008  RWIX
  ROM                   003ff000   00000fc0  00000b50  00000470  RWIX
  RESET                 003fffc0   00000002  00000000  00000002  RWIX
  VECTORS               003fffc2   0000003e  00000000  0000003e  RWIX

PAGE 1:
  RAMM0                 00000000   00000400  00000400  00000000  RWIX
  RAMM1                 00000400   00000400  00000000  00000400  RWIX
  DEV_EMU               00000880   00000180  000000d2  000000ae  RWIX
  FLASH_REGS            00000a80   00000060  00000008  00000058  RWIX
  CSM                   00000ae0   00000010  00000010  00000000  RWIX
  XINTF                 00000b20   00000020  00000020  00000000  RWIX
  CPU_TIMER0            00000c00   00000008  00000008  00000000  RWIX
  CPU_TIMER1            00000c08   00000008  00000008  00000000  RWIX
  CPU_TIMER2            00000c10   00000008  00000008  00000000  RWIX
  PIE_CTRL              00000ce0   00000020  0000001a  00000006  RWIX
  PIE_VECT              00000d00   00000100  00000100  00000000  RWIX
  ECANA                 00006000   00000040  00000034  0000000c  RWIX
  ECANA_LAM             00006040   00000040  00000040  00000000  RWIX
  ECANA_MOTS            00006080   00000040  00000040  00000000  RWIX
  ECANA_MOTO            000060c0   00000040  00000040  00000000  RWIX
  ECANA_MBOX            00006100   00000100  00000100  00000000  RWIX
  SYSTEM                00007010   00000020  00000020  00000000  RWIX
  SPIA                  00007040   00000010  00000010  00000000  RWIX
  SCIA                  00007050   00000010  00000010  00000000  RWIX
  XINTRUPT              00007070   00000010  00000010  00000000  RWIX
  GPIOMUX               000070c0   00000020  00000020  00000000  RWIX
  GPIODAT               000070e0   00000020  00000020  00000000  RWIX
  ADC                   00007100   00000020  0000001a  00000006  RWIX
  EVA                   00007400   00000040  00000032  0000000e  RWIX
  EVB                   00007500   00000040  00000032  0000000e  RWIX
  SCIB                  00007750   00000010  00000010  00000000  RWIX
  MCBSPA                00007800   00000040  00000025  0000001b  RWIX
  RAML1                 00009000   00001000  00000198  00000e68  RWIX
  FLASHB                003f4000   00002000  00000000  00002000  RWIX
  CSM_PWL               003f7ff8   00000008  00000008  00000000  RWIX
  RAMH0                 003f8000   00002000  00000000  00002000  RWIX


SECTION ALLOCATION MAP

 output                                  attributes/
section   page    origin      length       input sections
--------  ----  ----------  ----------   ----------------
.pinit     0    003f6000    00000000     UNINITIALIZED

.text      0    003f0000    00001bcb     
                  003f0000    00000a54     PSMS_VectorControl.obj (.text)
                  003f0a54    0000045f     Dis.obj (.text)
                  003f0eb3    00000254     128x64.obj (.text)
                  003f1107    000001dd     DSP281x_Adc.obj (.text)
                  003f12e4    0000017c     DSP281x_Gpio.obj (.text)
                  003f1460    0000014f     DSP281x_DefaultIsr.obj (.text)
                  003f15af    00000131     DSP281x_Sci.obj (.text)
                  003f16e0    00000083     rts2800_ml_eh.lib : fd_mpy.obj (.text)
                  003f1763    00000083                       : fs_div.obj (.text)
                  003f17e6    00000078                       : fs_add.obj (.text)
                  003f185e    0000006b     DSP281x_CpuTimers.obj (.text)
                  003f18c9    0000005a     rts2800_ml_eh.lib : fs_mpy.obj (.text)
                  003f1923    00000051     DSP281x_SysCtrl.obj (.text)
                  003f1974    00000044     rts2800_ml_eh.lib : boot.obj (.text)
                  003f19b8    0000002a                       : l_div.obj (.text)
                  003f19e2    00000029                       : fs_tol.obj (.text)
                  003f1a0b    00000028     DSP281x_PieCtrl.obj (.text)
                  003f1a33    00000025     rts2800_ml_eh.lib : fs_toi.obj (.text)
                  003f1a58    00000020     DSP281x_PieVect.obj (.text)
                  003f1a78    0000001f     rts2800_ml_eh.lib : fd_tol.obj (.text)
                  003f1a97    0000001d                       : fs_tou.obj (.text)
                  003f1ab4    0000001d                       : i_tofd.obj (.text)
                  003f1ad1    0000001c                       : fs_tofd.obj (.text)
                  003f1aed    0000001c                       : l_tofd.obj (.text)
                  003f1b09    0000001b                       : args_main.obj (.text)
                  003f1b24    0000001a                       : l_tofs.obj (.text)
                  003f1b3e    00000019                       : exit.obj (.text)
                  003f1b57    00000017                       : fs_cmp.obj (.text)
                  003f1b6e    00000017                       : u_tofd.obj (.text)
                  003f1b85    00000015     DSP281x_MemCopy.obj (.text)
                  003f1b9a    00000010     rts2800_ml_eh.lib : u_tofs.obj (.text)
                  003f1baa    0000000b                       : u_div.obj (.text)
                  003f1bb5    00000009                       : _lock.obj (.text)
                  003f1bbe    00000008     DSP281x_CodeStartBranch.obj (.text)
                  003f1bc6    00000005     rts2800_ml_eh.lib : fs_neg.obj (.text)

IQmath     0    003f1bcb    000000ab     
                  003f1bcb    00000047     IQmath.lib : IQ15div.obj (IQmath)
                  003f1c12    00000029                : IQ15sinPU.obj (IQmath)
                  003f1c3b    00000027                : IQ15cosPU.obj (IQmath)
                  003f1c62    00000014                : IQ15toF.obj (IQmath)

.cinit     0    003f6000    00000397     
                  003f6000    000002b4     PSMS_VectorControl.obj (.cinit)
                  003f62b4    00000054     DSP281x_Adc.obj (.cinit)
                  003f6308    00000033     Dis.obj (.cinit)
                  003f633b    0000002b     128x64.obj (.cinit)
                  003f6366    0000000e     DSP281x_Gpio.obj (.cinit)
                  003f6374    0000000d     DSP281x_Sci.obj (.cinit)
                  003f6381    0000000a     rts2800_ml_eh.lib : _lock.obj (.cinit)
                  003f638b    0000000a                       : exit.obj (.cinit)
                  003f6395    00000002     --HOLE-- [fill = 0]

.econst    0    003f6398    00000178     
                  003f6398    00000100     DSP281x_PieVect.obj (.econst)
                  003f6498    0000006f     128x64.obj (.econst:.string)
                  003f6507    00000001     --HOLE-- [fill = 0]
                  003f6508    00000004     DSP281x_Adc.obj (.econst)
                  003f650c    00000004     PSMS_VectorControl.obj (.econst)

ramfuncs   0    003f6510    0000001b     RUN ADDR = 00008000
                  003f6510    00000017     DSP281x_SysCtrl.obj (ramfuncs)
                  003f6527    00000004     DSP281x_usDelay.obj (ramfuncs)

codestart 
*          0    003f7ff6    00000002     
                  003f7ff6    00000002     DSP281x_CodeStartBranch.obj (codestart)

IQmathTables 
*          0    003ff000    00000b50     NOLOAD SECTION
                  003ff000    00000b50     IQmath.lib : IQmathTables.ob (IQmathTables)

.reset     0    003fffc0    00000002     DSECT
                  003fffc0    00000002     rts2800_ml_eh.lib : boot.obj (.reset)

vectors    0    003fffc2    00000000     DSECT

.stack     1    00000000    00000400     UNINITIALIZED
                  00000000    00000400     --HOLE--

DevEmuRegsFile 
*          1    00000880    000000d2     UNINITIALIZED
                  00000880    000000d2     DSP281x_GlobalVariableDefs.obj (DevEmuRegsFile)

FlashRegsFile 
*          1    00000a80    00000008     UNINITIALIZED
                  00000a80    00000008     DSP281x_GlobalVariableDefs.obj (FlashRegsFile)

CsmRegsFile 
*          1    00000ae0    00000010     UNINITIALIZED
                  00000ae0    00000010     DSP281x_GlobalVariableDefs.obj (CsmRegsFile)

XintfRegsFile 
*          1    00000b20    00000020     UNINITIALIZED
                  00000b20    00000020     DSP281x_GlobalVariableDefs.obj (XintfRegsFile)

CpuTimer0RegsFile 
*          1    00000c00    00000008     UNINITIALIZED
                  00000c00    00000008     DSP281x_GlobalVariableDefs.obj (CpuTimer0RegsFile)

CpuTimer1RegsFile 
*          1    00000c08    00000008     UNINITIALIZED
                  00000c08    00000008     DSP281x_GlobalVariableDefs.obj (CpuTimer1RegsFile)

CpuTimer2RegsFile 
*          1    00000c10    00000008     UNINITIALIZED
                  00000c10    00000008     DSP281x_GlobalVariableDefs.obj (CpuTimer2RegsFile)

PieCtrlRegsFile 
*          1    00000ce0    0000001a     UNINITIALIZED
                  00000ce0    0000001a     DSP281x_GlobalVariableDefs.obj (PieCtrlRegsFile)

PieVectTableFile 
*          1    00000d00    00000100     UNINITIALIZED
                  00000d00    00000100     DSP281x_GlobalVariableDefs.obj (PieVectTableFile)

ECanaRegsFile 
*          1    00006000    00000034     UNINITIALIZED
                  00006000    00000034     DSP281x_GlobalVariableDefs.obj (ECanaRegsFile)

ECanaLAMRegsFile 
*          1    00006040    00000040     UNINITIALIZED
                  00006040    00000040     DSP281x_GlobalVariableDefs.obj (ECanaLAMRegsFile)

ECanaMOTSRegsFile 
*          1    00006080    00000040     UNINITIALIZED
                  00006080    00000040     DSP281x_GlobalVariableDefs.obj (ECanaMOTSRegsFile)

ECanaMOTORegsFile 
*          1    000060c0    00000040     UNINITIALIZED
                  000060c0    00000040     DSP281x_GlobalVariableDefs.obj (ECanaMOTORegsFile)

ECanaMboxesFile 
*          1    00006100    00000100     UNINITIALIZED
                  00006100    00000100     DSP281x_GlobalVariableDefs.obj (ECanaMboxesFile)

SysCtrlRegsFile 
*          1    00007010    00000020     UNINITIALIZED
                  00007010    00000020     DSP281x_GlobalVariableDefs.obj (SysCtrlRegsFile)

SpiaRegsFile 
*          1    00007040    00000010     UNINITIALIZED
                  00007040    00000010     DSP281x_GlobalVariableDefs.obj (SpiaRegsFile)

SciaRegsFile 
*          1    00007050    00000010     UNINITIALIZED
                  00007050    00000010     DSP281x_GlobalVariableDefs.obj (SciaRegsFile)

XIntruptRegsFile 
*          1    00007070    00000010     UNINITIALIZED
                  00007070    00000010     DSP281x_GlobalVariableDefs.obj (XIntruptRegsFile)

GpioMuxRegsFile 
*          1    000070c0    00000020     UNINITIALIZED
                  000070c0    00000020     DSP281x_GlobalVariableDefs.obj (GpioMuxRegsFile)

GpioDataRegsFile 
*          1    000070e0    00000020     UNINITIALIZED
                  000070e0    00000020     DSP281x_GlobalVariableDefs.obj (GpioDataRegsFile)

AdcRegsFile 
*          1    00007100    0000001a     UNINITIALIZED
                  00007100    0000001a     DSP281x_GlobalVariableDefs.obj (AdcRegsFile)

EvaRegsFile 
*          1    00007400    00000032     UNINITIALIZED
                  00007400    00000032     DSP281x_GlobalVariableDefs.obj (EvaRegsFile)

EvbRegsFile 
*          1    00007500    00000032     UNINITIALIZED
                  00007500    00000032     DSP281x_GlobalVariableDefs.obj (EvbRegsFile)

ScibRegsFile 
*          1    00007750    00000010     UNINITIALIZED
                  00007750    00000010     DSP281x_GlobalVariableDefs.obj (ScibRegsFile)

McbspaRegsFile 
*          1    00007800    00000025     UNINITIALIZED
                  00007800    00000025     DSP281x_GlobalVariableDefs.obj (McbspaRegsFile)

.ebss      1    00009000    00000198     UNINITIALIZED
                  00009000    00000102     PSMS_VectorControl.obj (.ebss)
                  00009102    00000027     128x64.obj (.ebss)
                  00009129    00000001     --HOLE--
                  0000912a    00000006     DSP281x_Gpio.obj (.ebss)
                  00009130    00000004     DSP281x_Sci.obj (.ebss)
                  00009134    00000004     rts2800_ml_eh.lib : _lock.obj (.ebss)
                  00009138    00000004                       : exit.obj (.ebss)
                  0000913c    00000004     --HOLE--
                  00009140    00000024     DSP281x_Adc.obj (.ebss)
                  00009164    0000001b     Dis.obj (.ebss)
                  0000917f    00000001     --HOLE--
                  00009180    00000018     DSP281x_CpuTimers.obj (.ebss)

CsmPwlFile 
*          1    003f7ff8    00000008     UNINITIALIZED
                  003f7ff8    00000008     DSP281x_GlobalVariableDefs.obj (CsmPwlFile)


GLOBAL SYMBOLS: SORTED ALPHABETICALLY BY Name 

address    name
--------   ----
003f0000   .text
003f1b3e   C$$EXIT
003f16e0   FD$$MPY
003f1a78   FD$$TOL
003f17eb   FS$$ADD
003f1b57   FS$$CMP
003f1763   FS$$DIV
003f18c9   FS$$MPY
003f1bc6   FS$$NEG
003f17e6   FS$$SUB
003f1ad1   FS$$TOFD
003f1a33   FS$$TOI
003f19e2   FS$$TOL
003f1a97   FS$$TOU
003f1ab4   I$$TOFD
003f19b8   L$$DIV
003f19c7   L$$MOD
003f1aed   L$$TOFD
003f1b24   L$$TOFS
003f1baa   U$$DIV
003f1baf   U$$MOD
003f1b6e   U$$TOFD
003f1b9a   U$$TOFS
003f19d5   UL$$DIV
003f19dc   UL$$MOD
003f14d3   _ADCINT_ISR
00009154   _AD_BUF
003f1116   _Ad_CaiJi
00007100   _AdcRegs
00009152   _AdcResult
000090e2   _AnglePU
00009006   _Angle_uint16
00009028   _B0
0000902e   _B1
0000902c   _B2
00009017   _BackTicker
00009068   _BaseRpm
0000901f   _BaseSpeed
00009000   _BuChang
003f1519   _CAPINT1_ISR
003f151e   _CAPINT2_ISR
003f1523   _CAPINT3_ISR
003f155f   _CAPINT4_ISR
003f1564   _CAPINT5_ISR
003f1569   _CAPINT6_ISR
003f0b61   _CH454_I2c_RdByte
003f0ae2   _CH454_I2c_Start
003f0afe   _CH454_I2c_Stop
003f0b1f   _CH454_I2c_WrByte
003f0bad   _CH454_Read
003f14e2   _CMP1INT_ISR
003f14e7   _CMP2INT_ISR
003f14ec   _CMP3INT_ISR
003f1528   _CMP4INT_ISR
003f152d   _CMP5INT_ISR
003f1532   _CMP6INT_ISR
003f13c0   _CPU_RUN
003f092b   _Cap3_ISR
003f1895   _ConfigCpuTimer
000090e8   _Cosine
00009190   _CpuTimer0
00000c00   _CpuTimer0Regs
00009180   _CpuTimer1
00000c08   _CpuTimer1Regs
00009188   _CpuTimer2
00000c10   _CpuTimer2Regs
003f7ff8   _CsmPwl
00000ae0   _CsmRegs
0000909c   _DACTemp0
00009092   _DACTemp1
00009090   _DACTemp2
003f146a   _DATALOG_ISR
003f120b   _DC_Link
0000914e   _DC_ON_CNT
00009145   _DC_ON_OPEN
00009148   _DC_ON_flag
00008017   _DSP28x_usDelay
003f1107   _DelayUS
003f0eb3   _DelayUS2
00000880   _DevEmuRegs
00009013   _DirectionQep
003f0c04   _Dis_Show
003f1935   _DisableDog
003f1596   _ECAN0INTA_ISR
003f159b   _ECAN1INTA_ISR
00006040   _ECanaLAMRegs
000060c0   _ECanaMOTORegs
00006080   _ECanaMOTSRegs
00006100   _ECanaMboxes
00006000   _ECanaRegs
003f15a0   _EMPTY_ISR
003f1474   _EMUINT_ISR
00009072   _E_Ding_DianLiu
000090e4   _ElecTheta
003f1a2a   _EnableInterrupts
00007400   _EvaRegs
00007500   _EvbRegs
00000a80   _FlashRegs
000070e0   _GpioDataRegs
000070c0   _GpioMuxRegs
00009141   _GuoliuZhi
00009140   _HALL_U
00009149   _HALL_W
00009004   _HallAngle
0000900c   _Hall_Fault
00009150   _IA_MAX
0000914a   _IB_MAX
000090d0   _ID_Error
000090ca   _ID_Fdb
00009100   _ID_Given
0000906e   _ID_Ki
0000905c   _ID_Kp
000090e0   _ID_Out
000090dc   _ID_OutMax
000090da   _ID_OutMin
000090c8   _ID_OutPreSat
000090cc   _ID_Ref
000090c6   _ID_SatError
000090c2   _ID_Ui
000090ce   _ID_Up
000090c4   _ID_Up1
003f147e   _ILLEGAL_ISR
003f1460   _INT13_ISR
003f1465   _INT14_ISR
003f1440   _IPM_BaoHu
0000912a   _IPM_Fault
003ffad8   _IQ10mpyRndSatTable
003ffacc   _IQ11mpyRndSatTable
003ffac0   _IQ12mpyRndSatTable
003ffab4   _IQ13mpyRndSatTable
003ffaa8   _IQ14mpyRndSatTable
003ffa9c   _IQ15mpyRndSatTable
003ffa90   _IQ16mpyRndSatTable
003ffa84   _IQ17mpyRndSatTable
003ffa78   _IQ18mpyRndSatTable
003ffa6c   _IQ19mpyRndSatTable
003ffb44   _IQ1mpyRndSatTable
003ffa60   _IQ20mpyRndSatTable
003ffa54   _IQ21mpyRndSatTable
003ffa48   _IQ22mpyRndSatTable
003ffa3c   _IQ23mpyRndSatTable
003ffa30   _IQ24mpyRndSatTable
003ffa24   _IQ25mpyRndSatTable
003ffa18   _IQ26mpyRndSatTable
003ffa0c   _IQ27mpyRndSatTable
003ffa00   _IQ28mpyRndSatTable
003ff9f4   _IQ29mpyRndSatTable
003ffb38   _IQ2mpyRndSatTable
003ff9e8   _IQ30mpyRndSatTable
003ffb2c   _IQ3mpyRndSatTable
003ffb20   _IQ4mpyRndSatTable
003ffb14   _IQ5mpyRndSatTable
003ffb08   _IQ6mpyRndSatTable
003ffafc   _IQ7mpyRndSatTable
003ffaf0   _IQ8mpyRndSatTable
003ffae4   _IQ9mpyRndSatTable
000090d8   _IQ_Error
000090d2   _IQ_Fdb
000090de   _IQ_Given
0000905e   _IQ_Ki
00009058   _IQ_Kp
0000903e   _IQ_Out
00009052   _IQ_OutMax
0000903c   _IQ_OutMin
0000904c   _IQ_OutPreSat
000090d4   _IQ_Ref
00009056   _IQ_SatError
0000904a   _IQ_Ui
00009026   _IQ_Up
00009022   _IQ_Up1
003ff824   _IQatan2HalfPITable
003ff862   _IQatan2Table
003ff9e8   _IQatan2TableEnd
003ff100   _IQcosTable
003ff502   _IQcosTableEnd
003ff502   _IQdivRoundSatTable
003ff510   _IQdivTable
003ff712   _IQdivTableEnd
003ff712   _IQisqrtRoundSatTable
003ff722   _IQisqrtTable
003ff824   _IQisqrtTableEnd
003ff9e8   _IQmpyRndSatTable
003ffb50   _IQmpyRndSatTableEnd
003ff000   _IQsinTable
003ff400   _IQsinTableEnd
003ff712   _IQsqrtRoundSatTable
003ff722   _IQsqrtTable
003ff824   _IQsqrtTableEnd
00009144   _I_A
00009142   _I_B
003f185e   _InitCpuTimers
00008000   _InitFlash
003f1310   _InitGpio
003f12f2   _InitPWM_GPIO
003f195a   _InitPeripheralClocks
003f1a0b   _InitPieCtrl
003f1a58   _InitPieVectTable
003f193d   _InitPll
003f1304   _InitSPI_GPIO
003f15af   _InitSci
003f12e4   _InitSci_Gpio
003f1923   _InitSysCtrl
003f0a54   _Init_DIs_Gpio
003f0935   _Init_SiShu
003f0bdd   _Init_ch454
003f0f4a   _Init_lcd
003f0ec2   _Init_lcd_Gpio
0000900b   _IsrTicker
003f1240   _JiSuan_Dl
00009020   _KEY_Type
00009165   _Key_Flag
003f192b   _KickDog
003f10d4   _LCD_DIS
003f0ed4   _LCD_SendByte
00009103   _Lcd_Dat
003f0fee   _Lcd_Dis_DL
003f0fb2   _Lcd_Dis_RPM
003f0f81   _Lcd_Dis_Udc
003f1054   _Lcd_Dis_sheding
003f0f05   _Lcd_WriteCmd
003f0f19   _Lcd_WriteData
0000906c   _LineEncoder
00009018   _LocationEnd
00009005   _LocationFlag
0000900a   _MPeriod
003f1578   _MRINTA_ISR
003f157d   _MXINTA_ISR
003f00cc   _MainISR
00007800   _McbspaRegs
00009082   _MechScaler
000090ee   _MechTheta
003f1b85   _MemCopy
00009096   _MfuncC1
00009094   _MfuncC2
000090aa   _MfuncC3
0000908a   _MfuncD1
000090d6   _MfuncD2
0000908e   _MfuncD3
0000909a   _MfuncF1
00009098   _MfuncF2
0000909e   _MfuncF3
000090bc   _Modulation
003f1479   _NMI_ISR
000090a8   _NewRawTheta
000090b4   _Now_P
00009147   _O_Current
0000906a   _Offset_Angle
000090ae   _OldRawTheta
000090ea   _OldRawThetaPos
000090ba   _OutPreSat_Place
003f14bf   _PDPINTA_ISR
003f14c4   _PDPINTB_ISR
003f15a5   _PIE_RESERVED
00000ce0   _PieCtrlRegs
00000d00   _PieVectTable
003f6398   _PieVectTableInit
0000901d   _PlaceEnable
000090c0   _PlaceError
00009086   _PlaceSet
00009001   _PlaceSetBit
000090b6   _Place_now
00009066   _PolePairs
000090b8   _PosCount
00009015   _Position
0000901b   _PositionPhase120
0000901c   _PositionPhase180
00009019   _PositionPhase240
00009010   _PositionPhase300
00009011   _PositionPhase360
00009016   _PositionPhase60
00009062   _RS232_CNT
003f146f   _RTOSINT_ISR
003f652b   _RamfuncsLoadEnd
003f6510   _RamfuncsLoadStart
00008000   _RamfuncsRunStart
00009060   _RawCnt1
00009070   _RawCnt2
000090a4   _RawTheta
000090a2   _RawThetaTmp
003f0bbf   _Read_key
0000900f   _Run_PMSM
003f07c8   _SCIBRX_ISR
003f1582   _SCIRXINTA_ISR
003f158c   _SCIRXINTB_ISR
003f1587   _SCITXINTA_ISR
003f1591   _SCITXINTB_ISR
003f156e   _SPIRXINTA_ISR
003f1573   _SPITXINTA_ISR
00007050   _SciaRegs
00007750   _ScibRegs
00009012   _Sector
00009007   _ShangDian_Err
003f15c9   _ShowDisp
0000916a   _Show_time
00009168   _Show_time2
000090e6   _Sine
000090a6   _Speed
0000901a   _SpeedLoopCount
00009014   _SpeedLoopPrescaler
000090a0   _SpeedRef
000090ac   _SpeedRpm
00009088   _SpeedScaler
00009048   _Speed_Error
00009044   _Speed_Fdb
00009054   _Speed_Given
0000905a   _Speed_Ki
00009064   _Speed_Kp
00009032   _Speed_Out
0000903a   _Speed_OutMax
00009024   _Speed_OutMin
00009050   _Speed_OutPreSat
00009046   _Speed_Ref
0000904e   _Speed_SatError
0000907e   _Speed_Ui
00009042   _Speed_Up
00009040   _Speed_Up1
00007040   _SpiaRegs
00007010   _SysCtrlRegs
003f14f6   _T1CINT_ISR
003f1500   _T1OFINT_ISR
003f14f1   _T1PINT_ISR
00009008   _T1Period
003f14fb   _T1UFINT_ISR
003f150a   _T2CINT_ISR
003f1514   _T2OFINT_ISR
003f1505   _T2PINT_ISR
003f150f   _T2UFINT_ISR
003f153c   _T3CINT_ISR
003f1546   _T3OFINT_ISR
003f1537   _T3PINT_ISR
00009009   _T3Period
003f1541   _T3UFINT_ISR
003f1550   _T4CINT_ISR
003f155a   _T4OFINT_ISR
003f154b   _T4PINT_ISR
003f1555   _T4UFINT_ISR
00009084   _TEMP2
003f14d8   _TINT0_ISR
00009074   _Ta
0000907a   _Tb
00009078   _Tc
000090ec   _Tmp
00009003   _TotalCnt
000090f0   _TotalPulse
00009132   _UART_MODE
003f14b0   _USER10_ISR
003f14b5   _USER11_ISR
003f14ba   _USER12_ISR
003f1483   _USER1_ISR
003f1488   _USER2_ISR
003f148d   _USER3_ISR
003f1492   _USER4_ISR
003f1497   _USER5_ISR
003f149c   _USER6_ISR
003f14a1   _USER7_ISR
003f14a6   _USER8_ISR
003f14ab   _USER9_ISR
0000914c   _U_dc
00009143   _U_dc_dis
00009030   _Ualfa
00009036   _Ubeta
00009034   _Ud
0000902a   _Uq
003f14dd   _WAKEINT_ISR
00009038   _X
003f14c9   _XINT1_ISR
003f14ce   _XINT2_ISR
00007070   _XIntruptRegs
00000b20   _XintfRegs
0000907c   _Y
0000908c   _Z
0000901e   _ZhengFan
003f1c3b   __IQ15cosPU
003f1bcb   __IQ15div
003f1c12   __IQ15sinPU
003f1c62   __IQ15toF
00000400   __STACK_END
00000400   __STACK_SIZE
00000001   __TI_args_main
ffffffff   ___binit__
ffffffff   ___c_args__
003f6000   ___cinit__
003f1bcb   ___etext__
ffffffff   ___pinit__
003f0000   ___text__
003f1b09   __args_main
00009138   __cleanup_ptr
0000913a   __dtors_ptr
00009136   __lock
003f1bbd   __nop
003f1bb9   __register_lock
003f1bb5   __register_unlock
00000000   __stack
00009134   __unlock
003f1b3e   _abort
00009109   _addr_tab
003f1974   _c_int00
00009164   _ch454_key
003f0b9c   _ch454_write
003f0ea9   _deal_key
003f0da3   _deal_key_lcd
003f0cec   _deal_key_led
003f13e8   _eva_close
003f13e0   _eva_open
003f1b40   _exit
003f0f2d   _hanzi_Disp
000090b2   _i
000090fc   _ia
000090f6   _ialfa
000090fa   _ib
000090f8   _ibeta
000090fe   _ic
000090f2   _id
003f0a62   _iic_delay
000090f4   _iq
000090b0   _j
000090be   _k
00009002   _l
0000900d   _lcd_dis_flag
0000916b   _mBCD
003f0000   _main
003f15aa   _rsvd_ISR
00009130   _speed_dis
0000900e   _speed_give
00009080   _t1
00009076   _t2
ffffffff   binit
003f6000   cinit
003f1bcb   etext
ffffffff   pinit


GLOBAL SYMBOLS: SORTED BY Symbol Address 

address    name
--------   ----
00000000   __stack
00000001   __TI_args_main
00000400   __STACK_END
00000400   __STACK_SIZE
00000880   _DevEmuRegs
00000a80   _FlashRegs
00000ae0   _CsmRegs
00000b20   _XintfRegs
00000c00   _CpuTimer0Regs
00000c08   _CpuTimer1Regs
00000c10   _CpuTimer2Regs
00000ce0   _PieCtrlRegs
00000d00   _PieVectTable
00006000   _ECanaRegs
00006040   _ECanaLAMRegs
00006080   _ECanaMOTSRegs
000060c0   _ECanaMOTORegs
00006100   _ECanaMboxes
00007010   _SysCtrlRegs
00007040   _SpiaRegs
00007050   _SciaRegs
00007070   _XIntruptRegs
000070c0   _GpioMuxRegs
000070e0   _GpioDataRegs
00007100   _AdcRegs
00007400   _EvaRegs
00007500   _EvbRegs
00007750   _ScibRegs
00007800   _McbspaRegs
00008000   _InitFlash
00008000   _RamfuncsRunStart
00008017   _DSP28x_usDelay
00009000   _BuChang
00009001   _PlaceSetBit
00009002   _l
00009003   _TotalCnt
00009004   _HallAngle
00009005   _LocationFlag
00009006   _Angle_uint16
00009007   _ShangDian_Err
00009008   _T1Period
00009009   _T3Period
0000900a   _MPeriod
0000900b   _IsrTicker
0000900c   _Hall_Fault
0000900d   _lcd_dis_flag
0000900e   _speed_give
0000900f   _Run_PMSM
00009010   _PositionPhase300
00009011   _PositionPhase360
00009012   _Sector
00009013   _DirectionQep
00009014   _SpeedLoopPrescaler
00009015   _Position
00009016   _PositionPhase60
00009017   _BackTicker
00009018   _LocationEnd
00009019   _PositionPhase240
0000901a   _SpeedLoopCount
0000901b   _PositionPhase120
0000901c   _PositionPhase180
0000901d   _PlaceEnable
0000901e   _ZhengFan
0000901f   _BaseSpeed
00009020   _KEY_Type
00009022   _IQ_Up1
00009024   _Speed_OutMin
00009026   _IQ_Up
00009028   _B0
0000902a   _Uq
0000902c   _B2
0000902e   _B1
00009030   _Ualfa
00009032   _Speed_Out
00009034   _Ud
00009036   _Ubeta
00009038   _X
0000903a   _Speed_OutMax
0000903c   _IQ_OutMin
0000903e   _IQ_Out
00009040   _Speed_Up1
00009042   _Speed_Up
00009044   _Speed_Fdb
00009046   _Speed_Ref
00009048   _Speed_Error
0000904a   _IQ_Ui
0000904c   _IQ_OutPreSat
0000904e   _Speed_SatError
00009050   _Speed_OutPreSat
00009052   _IQ_OutMax
00009054   _Speed_Given
00009056   _IQ_SatError
00009058   _IQ_Kp
0000905a   _Speed_Ki
0000905c   _ID_Kp
0000905e   _IQ_Ki
00009060   _RawCnt1
00009062   _RS232_CNT
00009064   _Speed_Kp
00009066   _PolePairs
00009068   _BaseRpm
0000906a   _Offset_Angle
0000906c   _LineEncoder
0000906e   _ID_Ki
00009070   _RawCnt2
00009072   _E_Ding_DianLiu
00009074   _Ta
00009076   _t2
00009078   _Tc
0000907a   _Tb
0000907c   _Y
0000907e   _Speed_Ui
00009080   _t1
00009082   _MechScaler
00009084   _TEMP2
00009086   _PlaceSet
00009088   _SpeedScaler
0000908a   _MfuncD1
0000908c   _Z
0000908e   _MfuncD3
00009090   _DACTemp2
00009092   _DACTemp1
00009094   _MfuncC2
00009096   _MfuncC1
00009098   _MfuncF2
0000909a   _MfuncF1
0000909c   _DACTemp0
0000909e   _MfuncF3
000090a0   _SpeedRef
000090a2   _RawThetaTmp
000090a4   _RawTheta
000090a6   _Speed
000090a8   _NewRawTheta
000090aa   _MfuncC3
000090ac   _SpeedRpm
000090ae   _OldRawTheta
000090b0   _j
000090b2   _i
000090b4   _Now_P
000090b6   _Place_now
000090b8   _PosCount
000090ba   _OutPreSat_Place
000090bc   _Modulation
000090be   _k
000090c0   _PlaceError
000090c2   _ID_Ui
000090c4   _ID_Up1
000090c6   _ID_SatError
000090c8   _ID_OutPreSat
000090ca   _ID_Fdb
000090cc   _ID_Ref
000090ce   _ID_Up
000090d0   _ID_Error
000090d2   _IQ_Fdb
000090d4   _IQ_Ref
000090d6   _MfuncD2
000090d8   _IQ_Error
000090da   _ID_OutMin
000090dc   _ID_OutMax
000090de   _IQ_Given
000090e0   _ID_Out
000090e2   _AnglePU
000090e4   _ElecTheta
000090e6   _Sine
000090e8   _Cosine
000090ea   _OldRawThetaPos
000090ec   _Tmp
000090ee   _MechTheta
000090f0   _TotalPulse
000090f2   _id
000090f4   _iq
000090f6   _ialfa
000090f8   _ibeta
000090fa   _ib
000090fc   _ia
000090fe   _ic
00009100   _ID_Given
00009103   _Lcd_Dat
00009109   _addr_tab
0000912a   _IPM_Fault
00009130   _speed_dis
00009132   _UART_MODE
00009134   __unlock
00009136   __lock
00009138   __cleanup_ptr
0000913a   __dtors_ptr
00009140   _HALL_U
00009141   _GuoliuZhi
00009142   _I_B
00009143   _U_dc_dis
00009144   _I_A
00009145   _DC_ON_OPEN
00009147   _O_Current
00009148   _DC_ON_flag
00009149   _HALL_W
0000914a   _IB_MAX
0000914c   _U_dc
0000914e   _DC_ON_CNT
00009150   _IA_MAX
00009152   _AdcResult
00009154   _AD_BUF
00009164   _ch454_key
00009165   _Key_Flag
00009168   _Show_time2
0000916a   _Show_time
0000916b   _mBCD
00009180   _CpuTimer1
00009188   _CpuTimer2
00009190   _CpuTimer0
003f0000   .text
003f0000   ___text__
003f0000   _main
003f00cc   _MainISR
003f07c8   _SCIBRX_ISR
003f092b   _Cap3_ISR
003f0935   _Init_SiShu
003f0a54   _Init_DIs_Gpio
003f0a62   _iic_delay
003f0ae2   _CH454_I2c_Start
003f0afe   _CH454_I2c_Stop
003f0b1f   _CH454_I2c_WrByte
003f0b61   _CH454_I2c_RdByte
003f0b9c   _ch454_write
003f0bad   _CH454_Read
003f0bbf   _Read_key
003f0bdd   _Init_ch454
003f0c04   _Dis_Show
003f0cec   _deal_key_led
003f0da3   _deal_key_lcd
003f0ea9   _deal_key
003f0eb3   _DelayUS2
003f0ec2   _Init_lcd_Gpio
003f0ed4   _LCD_SendByte
003f0f05   _Lcd_WriteCmd
003f0f19   _Lcd_WriteData
003f0f2d   _hanzi_Disp
003f0f4a   _Init_lcd
003f0f81   _Lcd_Dis_Udc
003f0fb2   _Lcd_Dis_RPM
003f0fee   _Lcd_Dis_DL
003f1054   _Lcd_Dis_sheding
003f10d4   _LCD_DIS
003f1107   _DelayUS
003f1116   _Ad_CaiJi
003f120b   _DC_Link
003f1240   _JiSuan_Dl
003f12e4   _InitSci_Gpio
003f12f2   _InitPWM_GPIO
003f1304   _InitSPI_GPIO
003f1310   _InitGpio
003f13c0   _CPU_RUN
003f13e0   _eva_open
003f13e8   _eva_close
003f1440   _IPM_BaoHu
003f1460   _INT13_ISR
003f1465   _INT14_ISR
003f146a   _DATALOG_ISR
003f146f   _RTOSINT_ISR
003f1474   _EMUINT_ISR
003f1479   _NMI_ISR
003f147e   _ILLEGAL_ISR
003f1483   _USER1_ISR
003f1488   _USER2_ISR
003f148d   _USER3_ISR
003f1492   _USER4_ISR
003f1497   _USER5_ISR
003f149c   _USER6_ISR
003f14a1   _USER7_ISR
003f14a6   _USER8_ISR
003f14ab   _USER9_ISR
003f14b0   _USER10_ISR
003f14b5   _USER11_ISR
003f14ba   _USER12_ISR
003f14bf   _PDPINTA_ISR
003f14c4   _PDPINTB_ISR
003f14c9   _XINT1_ISR
003f14ce   _XINT2_ISR
003f14d3   _ADCINT_ISR
003f14d8   _TINT0_ISR
003f14dd   _WAKEINT_ISR
003f14e2   _CMP1INT_ISR
003f14e7   _CMP2INT_ISR
003f14ec   _CMP3INT_ISR
003f14f1   _T1PINT_ISR
003f14f6   _T1CINT_ISR
003f14fb   _T1UFINT_ISR
003f1500   _T1OFINT_ISR
003f1505   _T2PINT_ISR
003f150a   _T2CINT_ISR
003f150f   _T2UFINT_ISR
003f1514   _T2OFINT_ISR
003f1519   _CAPINT1_ISR
003f151e   _CAPINT2_ISR
003f1523   _CAPINT3_ISR
003f1528   _CMP4INT_ISR
003f152d   _CMP5INT_ISR
003f1532   _CMP6INT_ISR
003f1537   _T3PINT_ISR
003f153c   _T3CINT_ISR
003f1541   _T3UFINT_ISR
003f1546   _T3OFINT_ISR
003f154b   _T4PINT_ISR
003f1550   _T4CINT_ISR
003f1555   _T4UFINT_ISR
003f155a   _T4OFINT_ISR
003f155f   _CAPINT4_ISR
003f1564   _CAPINT5_ISR
003f1569   _CAPINT6_ISR
003f156e   _SPIRXINTA_ISR
003f1573   _SPITXINTA_ISR
003f1578   _MRINTA_ISR
003f157d   _MXINTA_ISR
003f1582   _SCIRXINTA_ISR
003f1587   _SCITXINTA_ISR
003f158c   _SCIRXINTB_ISR
003f1591   _SCITXINTB_ISR
003f1596   _ECAN0INTA_ISR
003f159b   _ECAN1INTA_ISR
003f15a0   _EMPTY_ISR
003f15a5   _PIE_RESERVED
003f15aa   _rsvd_ISR
003f15af   _InitSci
003f15c9   _ShowDisp
003f16e0   FD$$MPY
003f1763   FS$$DIV
003f17e6   FS$$SUB
003f17eb   FS$$ADD
003f185e   _InitCpuTimers
003f1895   _ConfigCpuTimer
003f18c9   FS$$MPY
003f1923   _InitSysCtrl
003f192b   _KickDog
003f1935   _DisableDog
003f193d   _InitPll
003f195a   _InitPeripheralClocks
003f1974   _c_int00
003f19b8   L$$DIV
003f19c7   L$$MOD
003f19d5   UL$$DIV
003f19dc   UL$$MOD
003f19e2   FS$$TOL
003f1a0b   _InitPieCtrl
003f1a2a   _EnableInterrupts
003f1a33   FS$$TOI
003f1a58   _InitPieVectTable
003f1a78   FD$$TOL
003f1a97   FS$$TOU
003f1ab4   I$$TOFD
003f1ad1   FS$$TOFD
003f1aed   L$$TOFD
003f1b09   __args_main
003f1b24   L$$TOFS
003f1b3e   C$$EXIT
003f1b3e   _abort
003f1b40   _exit
003f1b57   FS$$CMP
003f1b6e   U$$TOFD
003f1b85   _MemCopy
003f1b9a   U$$TOFS
003f1baa   U$$DIV
003f1baf   U$$MOD
003f1bb5   __register_unlock
003f1bb9   __register_lock
003f1bbd   __nop
003f1bc6   FS$$NEG
003f1bcb   __IQ15div
003f1bcb   ___etext__
003f1bcb   etext
003f1c12   __IQ15sinPU
003f1c3b   __IQ15cosPU
003f1c62   __IQ15toF
003f6000   ___cinit__
003f6000   cinit
003f6398   _PieVectTableInit
003f6510   _RamfuncsLoadStart
003f652b   _RamfuncsLoadEnd
003f7ff8   _CsmPwl
003ff000   _IQsinTable
003ff100   _IQcosTable
003ff400   _IQsinTableEnd
003ff502   _IQcosTableEnd
003ff502   _IQdivRoundSatTable
003ff510   _IQdivTable
003ff712   _IQdivTableEnd
003ff712   _IQisqrtRoundSatTable
003ff712   _IQsqrtRoundSatTable
003ff722   _IQisqrtTable
003ff722   _IQsqrtTable
003ff824   _IQatan2HalfPITable
003ff824   _IQisqrtTableEnd
003ff824   _IQsqrtTableEnd
003ff862   _IQatan2Table
003ff9e8   _IQ30mpyRndSatTable
003ff9e8   _IQatan2TableEnd
003ff9e8   _IQmpyRndSatTable
003ff9f4   _IQ29mpyRndSatTable
003ffa00   _IQ28mpyRndSatTable
003ffa0c   _IQ27mpyRndSatTable
003ffa18   _IQ26mpyRndSatTable
003ffa24   _IQ25mpyRndSatTable
003ffa30   _IQ24mpyRndSatTable
003ffa3c   _IQ23mpyRndSatTable
003ffa48   _IQ22mpyRndSatTable
003ffa54   _IQ21mpyRndSatTable
003ffa60   _IQ20mpyRndSatTable
003ffa6c   _IQ19mpyRndSatTable
003ffa78   _IQ18mpyRndSatTable
003ffa84   _IQ17mpyRndSatTable
003ffa90   _IQ16mpyRndSatTable
003ffa9c   _IQ15mpyRndSatTable
003ffaa8   _IQ14mpyRndSatTable
003ffab4   _IQ13mpyRndSatTable
003ffac0   _IQ12mpyRndSatTable
003ffacc   _IQ11mpyRndSatTable
003ffad8   _IQ10mpyRndSatTable
003ffae4   _IQ9mpyRndSatTable
003ffaf0   _IQ8mpyRndSatTable
003ffafc   _IQ7mpyRndSatTable
003ffb08   _IQ6mpyRndSatTable
003ffb14   _IQ5mpyRndSatTable
003ffb20   _IQ4mpyRndSatTable
003ffb2c   _IQ3mpyRndSatTable
003ffb38   _IQ2mpyRndSatTable
003ffb44   _IQ1mpyRndSatTable
003ffb50   _IQmpyRndSatTableEnd
ffffffff   ___binit__
ffffffff   ___c_args__
ffffffff   ___pinit__
ffffffff   binit
ffffffff   pinit

[430 symbols]
